// Jest Snapshot v1, https://goo.gl/fbAQLP

exports[`LiquidityAmounts #getAmount0ForLiquidity gas 1`] = `412`;

exports[`LiquidityAmounts #getAmountsForLiquidity gas for price above 1`] = `592`;

exports[`LiquidityAmounts #getAmountsForLiquidity gas for price below 1`] = `613`;

exports[`LiquidityAmounts #getAmountsForLiquidity gas for price inside 1`] = `1011`;

exports[`LiquidityAmounts #getLiquidityForAmount0 gas 1`] = `625`;

exports[`LiquidityAmounts #getLiquidityForAmount1 gas 1`] = `398`;

exports[`LiquidityAmounts #getLiquidityForAmount1 gas 2`] = `404`;

exports[`LiquidityAmounts #getLiquidityForAmounts gas for price above 1`] = `648`;

exports[`LiquidityAmounts #getLiquidityForAmounts gas for price below 1`] = `823`;

exports[`LiquidityAmounts #getLiquidityForAmounts gas for price inside 1`] = `1333`;
