// Jest Snapshot v1, https://goo.gl/fbAQLP

exports[`NonfungiblePositionManager #createAndInitializePoolIfNecessary gas 1`] = `4535974`;

exports[`NonfungiblePositionManager #increaseLiquidity gas 1`] = `182601`;

exports[`NonfungiblePositionManager #mint gas first mint for ticks 1`] = `547908`;

exports[`NonfungiblePositionManager #mint gas ticks already used 1`] = `547908`;

exports[`NonfungiblePositionManager bytecode size 1`] = `21912`;
