// Jest Snapshot v1, https://goo.gl/fbAQLP

exports[`NonfungiblePositionManager #burn gas 1`] = `53943`;

exports[`NonfungiblePositionManager #collect gas transfers both 1`] = `61245`;

exports[`NonfungiblePositionManager #collect gas transfers token0 only 1`] = `73322`;

exports[`NonfungiblePositionManager #collect gas transfers token1 only 1`] = `73355`;

exports[`NonfungiblePositionManager #decreaseLiquidity gas complete decrease 1`] = `97750`;

exports[`NonfungiblePositionManager #decreaseLiquidity gas partial decrease 1`] = `163403`;

exports[`NonfungiblePositionManager #firstMint gas 1`] = `5041320`;

exports[`NonfungiblePositionManager #increaseLiquidity gas 1`] = `189304`;

exports[`NonfungiblePositionManager #mint gas first mint for ticks 1`] = `434951`;

exports[`NonfungiblePositionManager #mint gas ticks already used 1`] = `369536`;

exports[`NonfungiblePositionManager #permit owned by eoa gas 1`] = `60110`;

exports[`NonfungiblePositionManager #permit owned by verifying contract gas 1`] = `64017`;

exports[`NonfungiblePositionManager #transferFrom gas 1`] = `84063`;

exports[`NonfungiblePositionManager #transferFrom gas comes from approved 1`] = `75227`;

exports[`NonfungiblePositionManager bytecode size 1`] = `22924`;

exports[`NonfungiblePositionManager multicall exit gas 1`] = `178028`;
