// Jest Snapshot v1, https://goo.gl/fbAQLP

exports[`PositionValue #fees when price is above the position range gas 1`] = `50079`;

exports[`PositionValue #fees when price is below the position range gas 1`] = `50047`;

exports[`PositionValue #fees when price is within the position range gas 1`] = `55665`;

exports[`PositionValue #principal gas 1`] = `23808`;

exports[`PositionValue #total gas 1`] = `63220`;
