// Jest Snapshot v1, https://goo.gl/fbAQLP

exports[`QuoterV2 quotes #quoteExactInput 0 -> 2 -> 1 1`] = `281129`;

exports[`QuoterV2 quotes #quoteExactInput 0 -> 2 cross 0 tick, starting tick initialized 1`] = `124456`;

exports[`QuoterV2 quotes #quoteExactInput 0 -> 2 cross 0 tick, starting tick not initialized 1`] = `101654`;

exports[`QuoterV2 quotes #quoteExactInput 0 -> 2 cross 1 tick 1`] = `145519`;

exports[`QuoterV2 quotes #quoteExactInput 0 -> 2 cross 2 tick 1`] = `183233`;

exports[`QuoterV2 quotes #quoteExactInput 0 -> 2 cross 2 tick where after is initialized 1`] = `145546`;

exports[`QuoterV2 quotes #quoteExactInput 2 -> 0 cross 0 tick, starting tick initialized 1`] = `98225`;

exports[`QuoterV2 quotes #quoteExactInput 2 -> 0 cross 0 tick, starting tick not initialized 1`] = `94385`;

exports[`QuoterV2 quotes #quoteExactInput 2 -> 0 cross 2 1`] = `175980`;

exports[`QuoterV2 quotes #quoteExactInput 2 -> 0 cross 2 where tick after is initialized 1`] = `175977`;

exports[`QuoterV2 quotes #quoteExactInput 2 -> 1 1`] = `97911`;

exports[`QuoterV2 quotes #quoteExactInputSingle 0 -> 2 1`] = `183116`;

exports[`QuoterV2 quotes #quoteExactInputSingle 2 -> 0 1`] = `175860`;

exports[`QuoterV2 quotes #quoteExactOutput 0 -> 2 -> 1 1`] = `281125`;

exports[`QuoterV2 quotes #quoteExactOutput 0 -> 2 cross 0 tick starting tick initialized 1`] = `124195`;

exports[`QuoterV2 quotes #quoteExactOutput 0 -> 2 cross 0 tick starting tick not initialized 1`] = `101402`;

exports[`QuoterV2 quotes #quoteExactOutput 0 -> 2 cross 1 tick 1`] = `145037`;

exports[`QuoterV2 quotes #quoteExactOutput 0 -> 2 cross 2 tick 1`] = `182566`;

exports[`QuoterV2 quotes #quoteExactOutput 0 -> 2 cross 2 where tick after is initialized 1`] = `145064`;

exports[`QuoterV2 quotes #quoteExactOutput 2 -> 0 cross 1 tick 1`] = `138735`;

exports[`QuoterV2 quotes #quoteExactOutput 2 -> 0 cross 2 ticks 1`] = `176272`;

exports[`QuoterV2 quotes #quoteExactOutput 2 -> 0 cross 2 where tick after is initialized 1`] = `176255`;

exports[`QuoterV2 quotes #quoteExactOutput 2 -> 1 1`] = `98556`;

exports[`QuoterV2 quotes #quoteExactOutputSingle 0 -> 1 1`] = `105935`;

exports[`QuoterV2 quotes #quoteExactOutputSingle 1 -> 0 1`] = `99089`;
