// Jest Snapshot v1, https://goo.gl/fbAQLP

exports[`SwapRouter gas tests #exactInput 0 -> 1 -> 2 1`] = `214045`;

exports[`SwapRouter gas tests #exactInput 0 -> 1 1`] = `111552`;

exports[`SwapRouter gas tests #exactInput 0 -> 1 minimal 1`] = `105152`;

exports[`SwapRouter gas tests #exactInput 0 -> WETH9 1`] = `138469`;

exports[`SwapRouter gas tests #exactInput WETH9 -> 0 1`] = `111458`;

exports[`SwapRouter gas tests #exactOutput 0 -> 1 -> 2 1`] = `178194`;

exports[`SwapRouter gas tests #exactOutput 0 -> 1 1`] = `116089`;

exports[`SwapRouter gas tests #exactOutput 0 -> WETH9 1`] = `139705`;

exports[`SwapRouter gas tests #exactOutput WETH9 -> 0 1`] = `143787`;
