// Jest Snapshot v1, https://goo.gl/fbAQLP

exports[`SwapToRatio #getPostSwapPrice  when initial deposit has excess of token1 and swap does not push price beyond the next initialized tick gas 1`] = `18491`;

exports[`SwapToRatio #getPostSwapPrice  when initial deposit has excess of token1 and swap pushes the price beyond multiple initialized ticks gas 1`] = `53029`;

exports[`SwapToRatio #getPostSwapPrice  when initial deposit has excess of token1 and swap pushes the price beyond the next initialized tick only gas 1`] = `37176`;
