// Jest Snapshot v1, https://goo.gl/fbAQLP

exports[`SwapRouter gas tests #exactInput 0 -> 1 -> 2 1`] = `171940`;

exports[`SwapRouter gas tests #exactInput 0 -> 1 1`] = `107480`;

exports[`SwapRouter gas tests #exactInput 0 -> 1 minimal 1`] = `97777`;

exports[`SwapRouter gas tests #exactInput 0 -> WETH9 1`] = `127177`;

exports[`SwapRouter gas tests #exactInput WETH9 -> 0 1`] = `105938`;

exports[`SwapRouter gas tests #exactInputSingle 0 -> 1 1`] = `106942`;

exports[`SwapRouter gas tests #exactInputSingle 0 -> WETH9 1`] = `126815`;

exports[`SwapRouter gas tests #exactInputSingle WETH9 -> 0 1`] = `105400`;

exports[`SwapRouter gas tests #exactOutput 0 -> 1 -> 2 1`] = `168717`;

exports[`SwapRouter gas tests #exactOutput 0 -> 1 1`] = `111478`;

exports[`SwapRouter gas tests #exactOutput 0 -> WETH9 1`] = `129196`;

exports[`SwapRouter gas tests #exactOutput WETH9 -> 0 1`] = `113223`;

exports[`SwapRouter gas tests #exactOutputSingle 0 -> 1 1`] = `111707`;

exports[`SwapRouter gas tests #exactOutputSingle 0 -> WETH9 1`] = `129607`;

exports[`SwapRouter gas tests #exactOutputSingle WETH9 -> 0 1`] = `113452`;
