// Jest Snapshot v1, https://goo.gl/fbAQLP

exports[`SwapRouter bytecode size 1`] = `9386`;

exports[`SwapRouter swaps #exactInput ETH input WETH9 gas 1`] = `126620`;

exports[`SwapRouter swaps #exactInput ETH output WETH9 gas 1`] = `170766`;

exports[`SwapRouter swaps #exactInput multi-pool gas 1`] = `246916`;

exports[`SwapRouter swaps #exactInput single-pool gas 1`] = `143910`;

exports[`SwapRouter swaps #exactOutput ETH input WETH9 gas 1`] = `137699`;

exports[`SwapRouter swaps #exactOutput ETH output WETH9 gas 1`] = `171873`;

exports[`SwapRouter swaps #exactOutput multi-pool gas 1`] = `242357`;

exports[`SwapRouter swaps #exactOutput single-pool gas 1`] = `148307`;
