// Jest Snapshot v1, https://goo.gl/fbAQLP

exports[`SwapRouter bytecode size 1`] = `9925`;

exports[`SwapRouter swaps #exactInput ETH input WETH9 gas 1`] = `126650`;

exports[`SwapRouter swaps #exactInput ETH input WETH10 gas 1`] = `118487`;

exports[`SwapRouter swaps #exactInput ETH output WETH9 gas 1`] = `170892`;

exports[`SwapRouter swaps #exactInput ETH output WETH10 gas 1`] = `161406`;

exports[`SwapRouter swaps #exactInput multi-pair gas 1`] = `247068`;

exports[`SwapRouter swaps #exactInput single-pair gas 1`] = `143998`;

exports[`SwapRouter swaps #exactOutput ETH input WETH9 gas 1`] = `137720`;

exports[`SwapRouter swaps #exactOutput ETH input WETH10 gas 1`] = `129439`;

exports[`SwapRouter swaps #exactOutput ETH output WETH9 gas 1`] = `171969`;

exports[`SwapRouter swaps #exactOutput ETH output WETH10 gas 1`] = `162483`;

exports[`SwapRouter swaps #exactOutput multi-pair gas 1`] = `242421`;

exports[`SwapRouter swaps #exactOutput single-pair gas 1`] = `148365`;
