// Jest Snapshot v1, https://goo.gl/fbAQLP

exports[`SwapToRatio #getPostSwapPrice  when initial deposit has excess of token1 and swap pushes the price beyond multiple initialized ticks gas 1`] = `50782`;

exports[`SwapToRatio #getPostSwapPrice  when initial deposit has excess of token1 and swap pushes the price beyond the next initialized tick only gas 1`] = `33627`;

exports[`SwapToRatio #swapToNextInitializedTick when tested against actual swaps initial deposit has excess of token0 gas 1`] = `2738`;
