// Jest Snapshot v1, https://goo.gl/fbAQLP

exports[`UniswapV3Router01 #addLiquidity pool exists gas 1`] = `316178`;

exports[`UniswapV3Router01 #createPoolAndAddLiquidity gas 1`] = `4810934`;

exports[`UniswapV3Router01 #decreaseLiquidity gas complete decrease 1`] = `96769`;

exports[`UniswapV3Router01 #decreaseLiquidity gas partial decrease 1`] = `161440`;

exports[`UniswapV3Router01 #firstMint gas 1`] = `5033616`;

exports[`UniswapV3Router01 #increaseLiquidity gas 1`] = `184417`;

exports[`UniswapV3Router01 #mint gas 1`] = `362963`;

exports[`UniswapV3Router01 router bytecode size 1`] = `25882`;
