// Jest Snapshot v1, https://goo.gl/fbAQLP

exports[`UniswapV3Router01 #addLiquidity pool exists gas 1`] = `321092`;

exports[`UniswapV3Router01 #burn gas 1`] = `53146`;

exports[`UniswapV3Router01 #collect gas transfers both 1`] = `61293`;

exports[`UniswapV3Router01 #collect gas transfers token0 only 1`] = `73370`;

exports[`UniswapV3Router01 #collect gas transfers token1 only 1`] = `73403`;

exports[`UniswapV3Router01 #createPoolAndAddLiquidity gas 1`] = `4815914`;

exports[`UniswapV3Router01 #decreaseLiquidity gas complete decrease 1`] = `96758`;

exports[`UniswapV3Router01 #decreaseLiquidity gas partial decrease 1`] = `161418`;

exports[`UniswapV3Router01 #firstMint gas 1`] = `5038595`;

exports[`UniswapV3Router01 #increaseLiquidity gas 1`] = `189351`;

exports[`UniswapV3Router01 #mint gas 1`] = `367920`;

exports[`UniswapV3Router01 router bytecode size 1`] = `27787`;
